
> proyecto@1.0.0 test
> cross-env NODE_ENV=test jest --runInBand

node.exe : [baseline-browser-mapping] The data in this module is over two 
months old.  To ensure accurate Baseline data, please update: `npm i 
baseline-browser-mapping@latest -D`
En línea: 1 Carácter: 1
+ & "C:\Program Files\nodejs/node.exe" "C:\Program Files\nodejs/node_mo ...
+ ~~~~~~~~~~~~~~~~~~~~~~~~~~~~~~~~~~~~~~~~~~~~~~~~~~~~~~~~~~~~~~~~~~~~~
    + CategoryInfo          : NotSpecified: ([baseline-brows...ping@latest -D` 
   :String) [], RemoteException
    + FullyQualifiedErrorId : NativeCommandError
 
[16:26:51] [33mWARN[39m: [36mClient error[39m
    [35mmethod[39m: "POST"
    [35murl[39m: "/"
    [35mstatusCode[39m: 401
    [35mduration[39m: "2ms"
    [35mip[39m: "::ffff:127.0.0.1"
    [35mfile[39m: "/src/middleware/requestlogger.js"
    [35mline[39m: 35
[16:26:51] [33mWARN[39m: [36mClient error[39m
    [35mmethod[39m: "POST"
    [35murl[39m: "/"
    [35mstatusCode[39m: 401
    [35mduration[39m: "1ms"
    [35mip[39m: "::ffff:127.0.0.1"
    [35mfile[39m: "/src/middleware/requestlogger.js"
    [35mline[39m: 35
[16:26:51] [33mWARN[39m: [36mClient error[39m
    [35mmethod[39m: "GET"
    [35murl[39m: "/"
    [35mstatusCode[39m: 401
    [35mduration[39m: "1ms"
    [35mip[39m: "::ffff:127.0.0.1"
    [35mfile[39m: "/src/middleware/requestlogger.js"
    [35mline[39m: 35
[16:26:51] [33mWARN[39m: [36mClient error[39m
    [35mmethod[39m: "GET"
    [35murl[39m: "/99999999"
    [35mstatusCode[39m: 401
    [35mduration[39m: "1ms"
    [35mip[39m: "::ffff:127.0.0.1"
    [35mfile[39m: "/src/middleware/requestlogger.js"
    [35mline[39m: 35
[16:26:51] [33mWARN[39m: [36mClient error[39m
    [35mmethod[39m: "POST"
    [35murl[39m: "/"
    [35mstatusCode[39m: 401
    [35mduration[39m: "0ms"
    [35mip[39m: "::ffff:127.0.0.1"
    [35mfile[39m: "/src/middleware/requestlogger.js"
    [35mline[39m: 35
[16:26:51] [33mWARN[39m: [36mClient error[39m
    [35mmethod[39m: "POST"
    [35murl[39m: "/"
    [35mstatusCode[39m: 401
    [35mduration[39m: "0ms"
    [35mip[39m: "::ffff:127.0.0.1"
    [35mfile[39m: "/src/middleware/requestlogger.js"
    [35mline[39m: 35
[16:26:51] [33mWARN[39m: [36mClient error[39m
    [35mmethod[39m: "GET"
    [35murl[39m: "/"
    [35mstatusCode[39m: 401
    [35mduration[39m: "1ms"
    [35mip[39m: "::ffff:127.0.0.1"
    [35mfile[39m: "/src/middleware/requestlogger.js"
    [35mline[39m: 35
[16:26:51] [33mWARN[39m: [36mClient error[39m
    [35mmethod[39m: "POST"
    [35murl[39m: "/"
    [35mstatusCode[39m: 401
    [35mduration[39m: "0ms"
    [35mip[39m: "::ffff:127.0.0.1"
    [35mfile[39m: "/src/middleware/requestlogger.js"
    [35mline[39m: 35
[16:26:51] [33mWARN[39m: [36mClient error[39m
    [35mmethod[39m: "POST"
    [35murl[39m: "/"
    [35mstatusCode[39m: 401
    [35mduration[39m: "1ms"
    [35mip[39m: "::ffff:127.0.0.1"
    [35mfile[39m: "/src/middleware/requestlogger.js"
    [35mline[39m: 35
[16:26:51] [33mWARN[39m: [36mClient error[39m
    [35mmethod[39m: "GET"
    [35murl[39m: "/"
    [35mstatusCode[39m: 401
    [35mduration[39m: "0ms"
    [35mip[39m: "::ffff:127.0.0.1"
    [35mfile[39m: "/src/middleware/requestlogger.js"
    [35mline[39m: 35
[16:26:51] [33mWARN[39m: [36mClient error[39m
    [35mmethod[39m: "GET"
    [35murl[39m: "/99999999"
    [35mstatusCode[39m: 401
    [35mduration[39m: "1ms"
    [35mip[39m: "::ffff:127.0.0.1"
    [35mfile[39m: "/src/middleware/requestlogger.js"
    [35mline[39m: 35
[16:26:51] [33mWARN[39m: [36mClient error[39m
    [35mmethod[39m: "POST"
    [35murl[39m: "/"
    [35mstatusCode[39m: 401
    [35mduration[39m: "0ms"
    [35mip[39m: "::ffff:127.0.0.1"
    [35mfile[39m: "/src/middleware/requestlogger.js"
    [35mline[39m: 35
[16:26:51] [33mWARN[39m: [36mClient error[39m
    [35mmethod[39m: "GET"
    [35murl[39m: "/"
    [35mstatusCode[39m: 401
    [35mduration[39m: "0ms"
    [35mip[39m: "::ffff:127.0.0.1"
    [35mfile[39m: "/src/middleware/requestlogger.js"
    [35mline[39m: 35
[16:26:51] [33mWARN[39m: [36mClient error[39m
    [35mmethod[39m: "POST"
    [35murl[39m: "/"
    [35mstatusCode[39m: 400
    [35mduration[39m: "5ms"
    [35mip[39m: "::ffff:127.0.0.1"
    [35mfile[39m: "/src/middleware/requestlogger.js"
    [35mline[39m: 35
[16:26:51] [31mERROR[39m: [36mRequest failed[39m
    [35mmethod[39m: "POST"
    [35murl[39m: "/"
    [35mstatusCode[39m: 500
    [35mduration[39m: "1ms"
    [35mip[39m: "::ffff:127.0.0.1"
    [35mfile[39m: "/src/middleware/requestlogger.js"
    [35mline[39m: 33
[16:26:51] [31mERROR[39m: [36mError al obtener tipos de servicio[39m
    [35mfile[39m: "/src/routes/tipoServicioRoutes.js"
    [35mline[39m: 12
    error: "Pool is closed."
[16:26:51] [31mERROR[39m: [36mRequest failed[39m
    [35mmethod[39m: "GET"
    [35murl[39m: "/"
    [35mstatusCode[39m: 500
    [35mduration[39m: "1ms"
    [35mip[39m: "::ffff:127.0.0.1"
    [35mfile[39m: "/src/middleware/requestlogger.js"
    [35mline[39m: 33
[16:26:51] [31mERROR[39m: [36mError al obtener tipo de servicio[39m
    [35mfile[39m: "/src/routes/tipoServicioRoutes.js"
    [35mline[39m: 24
    error: "Pool is closed."
[16:26:51] [31mERROR[39m: [36mRequest failed[39m
    [35mmethod[39m: "GET"
    [35murl[39m: "/99999999"
    [35mstatusCode[39m: 500
    [35mduration[39m: "1ms"
    [35mip[39m: "::ffff:127.0.0.1"
    [35mfile[39m: "/src/middleware/requestlogger.js"
    [35mline[39m: 33
[16:26:51] [31mERROR[39m: [36mError al actualizar tipo de servicio[39m
    [35mfile[39m: "/src/routes/tipoServicioRoutes.js"
    [35mline[39m: 52
    error: "Pool is closed."
[16:26:51] [31mERROR[39m: [36mRequest failed[39m
    [35mmethod[39m: "PUT"
    [35murl[39m: "/99999999"
    [35mstatusCode[39m: 500
    [35mduration[39m: "1ms"
    [35mip[39m: "::ffff:127.0.0.1"
    [35mfile[39m: "/src/middleware/requestlogger.js"
    [35mline[39m: 33
[16:26:51] [31mERROR[39m: [36mError al eliminar tipo de servicio[39m
    [35mfile[39m: "/src/routes/tipoServicioRoutes.js"
    [35mline[39m: 66
    error: "Pool is closed."
[16:26:51] [31mERROR[39m: [36mRequest failed[39m
    [35mmethod[39m: "DELETE"
    [35murl[39m: "/99999999"
    [35mstatusCode[39m: 500
    [35mduration[39m: "1ms"
    [35mip[39m: "::ffff:127.0.0.1"
    [35mfile[39m: "/src/middleware/requestlogger.js"
    [35mline[39m: 33
[16:26:51] [33mWARN[39m: [36mClient error[39m
    [35mmethod[39m: "GET"
    [35murl[39m: "/"
    [35mstatusCode[39m: 401
    [35mduration[39m: "0ms"
    [35mip[39m: "::ffff:127.0.0.1"
    [35mfile[39m: "/src/middleware/requestlogger.js"
    [35mline[39m: 35
[16:26:51] [33mWARN[39m: [36mClient error[39m
    [35mmethod[39m: "POST"
    [35murl[39m: "/"
    [35mstatusCode[39m: 401
    [35mduration[39m: "1ms"
    [35mip[39m: "::ffff:127.0.0.1"
    [35mfile[39m: "/src/middleware/requestlogger.js"
    [35mline[39m: 35
[16:26:51] [33mWARN[39m: [36mClient error[39m
    [35mmethod[39m: "GET"
    [35murl[39m: "/1"
    [35mstatusCode[39m: 401
    [35mduration[39m: "0ms"
    [35mip[39m: "::ffff:127.0.0.1"
    [35mfile[39m: "/src/middleware/requestlogger.js"
    [35mline[39m: 35
[16:26:51] [33mWARN[39m: [36mClient error[39m
    [35mmethod[39m: "PUT"
    [35murl[39m: "/1"
    [35mstatusCode[39m: 401
    [35mduration[39m: "0ms"
    [35mip[39m: "::ffff:127.0.0.1"
    [35mfile[39m: "/src/middleware/requestlogger.js"
    [35mline[39m: 35
[16:26:51] [33mWARN[39m: [36mClient error[39m
    [35mmethod[39m: "DELETE"
    [35murl[39m: "/1"
    [35mstatusCode[39m: 401
    [35mduration[39m: "1ms"
    [35mip[39m: "::ffff:127.0.0.1"
    [35mfile[39m: "/src/middleware/requestlogger.js"
    [35mline[39m: 35
FAIL tests/api.crud.test.js
  ÔùÅ Console

    console.log
      [dotenv@17.2.3] injecting env (3) from .env -- tip: ƒæÑ sync secrets 
across teammates & machines: https://dotenvx.com/ops

      at _log (node_modules/dotenv/lib/main.js:142:11)

    console.error
      Error al crear tipo de servicio: Error: Nombre es obligatorio
          at Object.create (C:\Users\Alex 
PC\Desktop\SistemaPracticaProfesional\src\models\tipoServicioModel.js:21:11)
          at create (C:\Users\Alex 
PC\Desktop\SistemaPracticaProfesional\src\routes\tipoServicioRoutes.js:32:29)
          at Layer.handleRequest (C:\Users\Alex 
PC\Desktop\SistemaPracticaProfesional\node_modules\router\lib\layer.js:152:17)
          at next (C:\Users\Alex 
PC\Desktop\SistemaPracticaProfesional\node_modules\router\lib\route.js:157:13)
          at Route.dispatch (C:\Users\Alex 
PC\Desktop\SistemaPracticaProfesional\node_modules\router\lib\route.js:117:3)
          at handle (C:\Users\Alex 
PC\Desktop\SistemaPracticaProfesional\node_modules\router\index.js:435:11)
          at Layer.handleRequest (C:\Users\Alex 
PC\Desktop\SistemaPracticaProfesional\node_modules\router\lib\layer.js:152:17)
          at C:\Users\Alex 
PC\Desktop\SistemaPracticaProfesional\node_modules\router\index.js:295:15
          at processParams (C:\Users\Alex 
PC\Desktop\SistemaPracticaProfesional\node_modules\router\index.js:582:12)
          at next (C:\Users\Alex 
PC\Desktop\SistemaPracticaProfesional\node_modules\router\index.js:291:5)
          at router.handle (C:\Users\Alex 
PC\Desktop\SistemaPracticaProfesional\node_modules\router\index.js:186:3)
          at router (C:\Users\Alex 
PC\Desktop\SistemaPracticaProfesional\node_modules\router\index.js:60:12)
          at Layer.handleRequest (C:\Users\Alex 
PC\Desktop\SistemaPracticaProfesional\node_modules\router\lib\layer.js:152:17)
          at trimPrefix (C:\Users\Alex 
PC\Desktop\SistemaPracticaProfesional\node_modules\router\index.js:342:13)
          at C:\Users\Alex 
PC\Desktop\SistemaPracticaProfesional\node_modules\router\index.js:297:9
          at processParams (C:\Users\Alex 
PC\Desktop\SistemaPracticaProfesional\node_modules\router\index.js:582:12)
          at next (C:\Users\Alex 
PC\Desktop\SistemaPracticaProfesional\node_modules\router\index.js:291:5)
          at serveStatic (C:\Users\Alex 
PC\Desktop\SistemaPracticaProfesional\node_modules\serve-static\index.js:74:16)
          at Layer.handleRequest (C:\Users\Alex 
PC\Desktop\SistemaPracticaProfesional\node_modules\router\lib\layer.js:152:17)
          at trimPrefix (C:\Users\Alex 
PC\Desktop\SistemaPracticaProfesional\node_modules\router\index.js:342:13)
          at C:\Users\Alex 
PC\Desktop\SistemaPracticaProfesional\node_modules\router\index.js:297:9
          at processParams (C:\Users\Alex 
PC\Desktop\SistemaPracticaProfesional\node_modules\router\index.js:582:12)
          at next (C:\Users\Alex 
PC\Desktop\SistemaPracticaProfesional\node_modules\router\index.js:291:5)
          at next (C:\Users\Alex 
PC\Desktop\SistemaPracticaProfesional\src\middleware\requestlogger.js:42:3)
          at Layer.handleRequest (C:\Users\Alex 
PC\Desktop\SistemaPracticaProfesional\node_modules\router\lib\layer.js:152:17)
          at trimPrefix (C:\Users\Alex 
PC\Desktop\SistemaPracticaProfesional\node_modules\router\index.js:342:13)
          at C:\Users\Alex 
PC\Desktop\SistemaPracticaProfesional\node_modules\router\index.js:297:9
          at processParams (C:\Users\Alex 
PC\Desktop\SistemaPracticaProfesional\node_modules\router\index.js:582:12)
          at next (C:\Users\Alex 
PC\Desktop\SistemaPracticaProfesional\node_modules\router\index.js:291:5)
          at cors (C:\Users\Alex 
PC\Desktop\SistemaPracticaProfesional\node_modules\cors\lib\index.js:188:7)
          at C:\Users\Alex 
PC\Desktop\SistemaPracticaProfesional\node_modules\cors\lib\index.js:224:17
          at originCallback (C:\Users\Alex 
PC\Desktop\SistemaPracticaProfesional\node_modules\cors\lib\index.js:214:15)
          at C:\Users\Alex 
PC\Desktop\SistemaPracticaProfesional\node_modules\cors\lib\index.js:219:13
          at optionsCallback (C:\Users\Alex 
PC\Desktop\SistemaPracticaProfesional\node_modules\cors\lib\index.js:199:9)
          at corsMiddleware (C:\Users\Alex 
PC\Desktop\SistemaPracticaProfesional\node_modules\cors\lib\index.js:204:7)
          at Layer.handleRequest (C:\Users\Alex 
PC\Desktop\SistemaPracticaProfesional\node_modules\router\lib\layer.js:152:17)
          at trimPrefix (C:\Users\Alex 
PC\Desktop\SistemaPracticaProfesional\node_modules\router\index.js:342:13)
          at C:\Users\Alex 
PC\Desktop\SistemaPracticaProfesional\node_modules\router\index.js:297:9
          at processParams (C:\Users\Alex 
PC\Desktop\SistemaPracticaProfesional\node_modules\router\index.js:582:12)
          at next (C:\Users\Alex 
PC\Desktop\SistemaPracticaProfesional\node_modules\router\index.js:291:5)
          at C:\Users\Alex PC\Desktop\SistemaPracticaProfesional\node_modules\b
ody-parser\lib\read.js:171:5
          at AsyncResource.runInAsyncScope (node:async_hooks:214:14)
          at invokeCallback (C:\Users\Alex 
PC\Desktop\SistemaPracticaProfesional\node_modules\raw-body\index.js:238:16)
          at done (C:\Users\Alex 
PC\Desktop\SistemaPracticaProfesional\node_modules\raw-body\index.js:227:7)
          at IncomingMessage.onEnd (C:\Users\Alex 
PC\Desktop\SistemaPracticaProfesional\node_modules\raw-body\index.js:287:7)
          at IncomingMessage.emit (node:events:508:28)
          at endReadableNT (node:internal/streams/readable:1701:12)
          at processTicksAndRejections 
(node:internal/process/task_queues:90:21)

    [0m [90m 33 |[39m     res[33m.[39mjson({ message[33m:[39m 
[32m"Tipo de servicio creado correctamente"[39m })[33m;[39m
     [90m 34 |[39m   } [36mcatch[39m (err) {
    [31m[1m>[22m[39m[90m 35 |[39m     
console[33m.[39merror([32m"Error al crear tipo de 
servicio:"[39m[33m,[39m err)[33m;[39m
     [90m    |[39m             [31m[1m^[22m[39m
     [90m 36 |[39m     [36mif[39m (err[33m.[39mmessage [33m===[39m 
[32m"Nombre es obligatorio"[39m) {
     [90m 37 |[39m       [36mreturn[39m 
res[33m.[39mstatus([35m400[39m)[33m.[39mjson({ error[33m:[39m 
err[33m.[39mmessage })[33m;[39m
     [90m 38 |[39m     }[0m

      at error (src/routes/tipoServicioRoutes.js:35:13)

    console.error
      Error al crear tipo de servicio: Error: Pool is closed.
          at PromisePool.execute (C:\Users\Alex PC\Desktop\SistemaPracticaProfe
sional\node_modules\mysql2\lib\promise\pool.js:54:22)
          at Object.execute [as create] (C:\Users\Alex 
PC\Desktop\SistemaPracticaProfesional\src\models\tipoServicioModel.js:24:31)
          at processTicksAndRejections 
(node:internal/process/task_queues:105:5)
          at C:\Users\Alex 
PC\Desktop\SistemaPracticaProfesional\src\routes\tipoServicioRoutes.js:32:5 {
        code: undefined,
        errno: undefined,
        sql: undefined,
        sqlState: undefined,
        sqlMessage: undefined
      }

    [0m [90m 33 |[39m     res[33m.[39mjson({ message[33m:[39m 
[32m"Tipo de servicio creado correctamente"[39m })[33m;[39m
     [90m 34 |[39m   } [36mcatch[39m (err) {
    [31m[1m>[22m[39m[90m 35 |[39m     
console[33m.[39merror([32m"Error al crear tipo de 
servicio:"[39m[33m,[39m err)[33m;[39m
     [90m    |[39m             [31m[1m^[22m[39m
     [90m 36 |[39m     [36mif[39m (err[33m.[39mmessage [33m===[39m 
[32m"Nombre es obligatorio"[39m) {
     [90m 37 |[39m       [36mreturn[39m 
res[33m.[39mstatus([35m400[39m)[33m.[39mjson({ error[33m:[39m 
err[33m.[39mmessage })[33m;[39m
     [90m 38 |[39m     }[0m

      at error (src/routes/tipoServicioRoutes.js:35:13)

  ÔùÅ API tipoServicio CRUD ÔÇ║ POST /api/tipo-servicio crea tipo de servicio 
y valida 400 sin nombre

    expect(received).toBe(expected) // Object.is equality

    Expected: 200
    Received: 500

    [0m [90m 190 |[39m       descripcion[33m:[39m [32m'Descripci├│n de 
prueba'[39m
     [90m 191 |[39m     })[33m;[39m
    [31m[1m>[22m[39m[90m 192 |[39m     
expect(res[33m.[39mstatus)[33m.[39mtoBe([35m200[39m)[33m;[39m
     [90m     |[39m                        [31m[1m^[22m[39m
     [90m 193 |[39m     expect(res[33m.[39mbody)[33m.[39mtoHaveProperty(
[32m'message'[39m)[33m;[39m
     [90m 194 |[39m   })[33m;[39m
     [90m 195 |[39m[0m

      at Object.toBe (tests/api.crud.test.js:192:24)

  ÔùÅ API tipoServicio CRUD ÔÇ║ GET /api/tipo-servicio lista todos los tipos

    expect(received).toBe(expected) // Object.is equality

    Expected: 200
    Received: 500

    [0m [90m 197 |[39m     [36mif[39m ([33m![39m[33mDB_AVAILABLE[39m) 
[36mreturn[39m[33m;[39m
     [90m 198 |[39m     [36mconst[39m res [33m=[39m [36mawait[39m 
request(app)[33m.[39m[36mget[39m([32m'/api/tipo-servicio'[39m)[33m;[39m
    [31m[1m>[22m[39m[90m 199 |[39m     
expect(res[33m.[39mstatus)[33m.[39mtoBe([35m200[39m)[33m;[39m
     [90m     |[39m                        [31m[1m^[22m[39m
     [90m 200 |[39m     expect([33mArray[39m[33m.[39misArray(res[33m.[3
9mbody))[33m.[39mtoBe([36mtrue[39m)[33m;[39m
     [90m 201 |[39m     [36mif[39m (res[33m.[39mbody[33m.[39mlength) {
     [90m 202 |[39m       tipoServicioId [33m=[39m 
res[33m.[39mbody[res[33m.[39mbody[33m.[39mlength [33m-[39m 
[35m1[39m][33m.[39mid [33m||[39m 
res[33m.[39mbody[[35m0[39m][33m.[39mid[33m;[39m[0m

      at Object.toBe (tests/api.crud.test.js:199:24)

  ÔùÅ API tipoServicio CRUD ÔÇ║ GET /api/tipo-servicio/:id retorna 404 para 
inexistente

    expect(received).toContain(expected) // indexOf

    Expected value: 500
    Received array: [200, 404]

    [0m [90m 218 |[39m     [36mif[39m ([33m![39m[33mDB_AVAILABLE[39m) 
[36mreturn[39m[33m;[39m
     [90m 219 |[39m     [36mconst[39m res [33m=[39m [36mawait[39m reque
st(app)[33m.[39m[36mget[39m([32m'/api/tipo-servicio/99999999'[39m)[33m;
[39m
    [31m[1m>[22m[39m[90m 220 |[39m     expect([[35m200[39m[33m,[39m 
[35m404[39m])[33m.[39mtoContain(res[33m.[39mstatus)[33m;[39m
     [90m     |[39m                        [31m[1m^[22m[39m
     [90m 221 |[39m   })[33m;[39m
     [90m 222 |[39m
     [90m 223 |[39m   test([32m'PUT /api/tipo-servicio/:id actualiza tipo 
de servicio'[39m[33m,[39m [36masync[39m () [33m=>[39m {[0m

      at Object.toContain (tests/api.crud.test.js:220:24)

[16:26:51] [33mWARN[39m: [36mClient error[39m
    [35mmethod[39m: "POST"
    [35murl[39m: "/"
    [35mstatusCode[39m: 401
    [35mduration[39m: "0ms"
    [35mip[39m: "::ffff:127.0.0.1"
    [35mfile[39m: "/src/middleware/requestlogger.js"
    [35mline[39m: 35
[16:26:52] [33mWARN[39m: [36mClient error[39m
    [35mmethod[39m: "POST"
    [35murl[39m: "/"
    [35mstatusCode[39m: 401
    [35mduration[39m: "0ms"
    [35mip[39m: "::ffff:127.0.0.1"
    [35mfile[39m: "/src/middleware/requestlogger.js"
    [35mline[39m: 35
[16:26:52] [33mWARN[39m: [36mClient error[39m
    [35mmethod[39m: "PUT"
    [35murl[39m: "/99999999"
    [35mstatusCode[39m: 401
    [35mduration[39m: "0ms"
    [35mip[39m: "::ffff:127.0.0.1"
    [35mfile[39m: "/src/middleware/requestlogger.js"
    [35mline[39m: 35
[16:26:52] [33mWARN[39m: [36mClient error[39m
    [35mmethod[39m: "DELETE"
    [35murl[39m: "/99999999"
    [35mstatusCode[39m: 401
    [35mduration[39m: "1ms"
    [35mip[39m: "::ffff:127.0.0.1"
    [35mfile[39m: "/src/middleware/requestlogger.js"
    [35mline[39m: 35
[16:26:52] [33mWARN[39m: [36mClient error[39m
    [35mmethod[39m: "GET"
    [35murl[39m: "/abc"
    [35mstatusCode[39m: 401
    [35mduration[39m: "0ms"
    [35mip[39m: "::ffff:127.0.0.1"
    [35mfile[39m: "/src/middleware/requestlogger.js"
    [35mline[39m: 35
[16:26:52] [33mWARN[39m: [36mClient error[39m
    [35mmethod[39m: "POST"
    [35murl[39m: "/"
    [35mstatusCode[39m: 401
    [35mduration[39m: "0ms"
    [35mip[39m: "::ffff:127.0.0.1"
    [35mfile[39m: "/src/middleware/requestlogger.js"
    [35mline[39m: 35
[16:26:52] [33mWARN[39m: [36mClient error[39m
    [35mmethod[39m: "POST"
    [35murl[39m: "/"
    [35mstatusCode[39m: 401
    [35mduration[39m: "1ms"
    [35mip[39m: "::ffff:127.0.0.1"
    [35mfile[39m: "/src/middleware/requestlogger.js"
    [35mline[39m: 35
[16:26:52] [33mWARN[39m: [36mClient error[39m
    [35mmethod[39m: "PUT"
    [35murl[39m: "/99999999"
    [35mstatusCode[39m: 401
    [35mduration[39m: "0ms"
    [35mip[39m: "::ffff:127.0.0.1"
    [35mfile[39m: "/src/middleware/requestlogger.js"
    [35mline[39m: 35
[16:26:52] [33mWARN[39m: [36mClient error[39m
    [35mmethod[39m: "DELETE"
    [35murl[39m: "/99999999"
    [35mstatusCode[39m: 401
    [35mduration[39m: "0ms"
    [35mip[39m: "::ffff:127.0.0.1"
    [35mfile[39m: "/src/middleware/requestlogger.js"
    [35mline[39m: 35
[16:26:52] [33mWARN[39m: [36mClient error[39m
    [35mmethod[39m: "POST"
    [35murl[39m: "/"
    [35mstatusCode[39m: 401
    [35mduration[39m: "0ms"
    [35mip[39m: "::ffff:127.0.0.1"
    [35mfile[39m: "/src/middleware/requestlogger.js"
    [35mline[39m: 35
[16:26:52] [33mWARN[39m: [36mClient error[39m
    [35mmethod[39m: "PUT"
    [35murl[39m: "/99999999"
    [35mstatusCode[39m: 401
    [35mduration[39m: "0ms"
    [35mip[39m: "::ffff:127.0.0.1"
    [35mfile[39m: "/src/middleware/requestlogger.js"
    [35mline[39m: 35
[16:26:52] [33mWARN[39m: [36mClient error[39m
    [35mmethod[39m: "DELETE"
    [35murl[39m: "/99999999"
    [35mstatusCode[39m: 401
    [35mduration[39m: "0ms"
    [35mip[39m: "::ffff:127.0.0.1"
    [35mfile[39m: "/src/middleware/requestlogger.js"
    [35mline[39m: 35
[16:26:52] [33mWARN[39m: [36mClient error[39m
    [35mmethod[39m: "POST"
    [35murl[39m: "/"
    [35mstatusCode[39m: 401
    [35mduration[39m: "0ms"
    [35mip[39m: "::ffff:127.0.0.1"
    [35mfile[39m: "/src/middleware/requestlogger.js"
    [35mline[39m: 35
[16:26:52] [33mWARN[39m: [36mClient error[39m
    [35mmethod[39m: "PUT"
    [35murl[39m: "/99999999"
    [35mstatusCode[39m: 401
    [35mduration[39m: "0ms"
    [35mip[39m: "::ffff:127.0.0.1"
    [35mfile[39m: "/src/middleware/requestlogger.js"
    [35mline[39m: 35
[16:26:52] [33mWARN[39m: [36mClient error[39m
    [35mmethod[39m: "DELETE"
    [35murl[39m: "/99999999"
    [35mstatusCode[39m: 401
    [35mduration[39m: "0ms"
    [35mip[39m: "::ffff:127.0.0.1"
    [35mfile[39m: "/src/middleware/requestlogger.js"
    [35mline[39m: 35
[16:26:52] [33mWARN[39m: [36mClient error[39m
    [35mmethod[39m: "POST"
    [35murl[39m: "/"
    [35mstatusCode[39m: 400
    [35mduration[39m: "5ms"
    [35mip[39m: "::ffff:127.0.0.1"
    [35mfile[39m: "/src/middleware/requestlogger.js"
    [35mline[39m: 35
[16:26:52] [31mERROR[39m: [36mError al obtener tipo de servicio[39m
    [35mfile[39m: "/src/routes/tipoServicioRoutes.js"
    [35mline[39m: 24
    error: "Pool is closed."
[16:26:52] [31mERROR[39m: [36mRequest failed[39m
    [35mmethod[39m: "GET"
    [35murl[39m: "/99999999"
    [35mstatusCode[39m: 500
    [35mduration[39m: "0ms"
    [35mip[39m: "::ffff:127.0.0.1"
    [35mfile[39m: "/src/middleware/requestlogger.js"
    [35mline[39m: 33
[16:26:52] [31mERROR[39m: [36mError al actualizar tipo de servicio[39m
    [35mfile[39m: "/src/routes/tipoServicioRoutes.js"
    [35mline[39m: 52
    error: "Pool is closed."
[16:26:52] [31mERROR[39m: [36mRequest failed[39m
    [35mmethod[39m: "PUT"
    [35murl[39m: "/99999999"
    [35mstatusCode[39m: 500
    [35mduration[39m: "1ms"
    [35mip[39m: "::ffff:127.0.0.1"
    [35mfile[39m: "/src/middleware/requestlogger.js"
    [35mline[39m: 33
[16:26:52] [31mERROR[39m: [36mError al eliminar tipo de servicio[39m
    [35mfile[39m: "/src/routes/tipoServicioRoutes.js"
    [35mline[39m: 66
    error: "Pool is closed."
[16:26:52] [31mERROR[39m: [36mRequest failed[39m
    [35mmethod[39m: "DELETE"
    [35murl[39m: "/99999999"
    [35mstatusCode[39m: 500
    [35mduration[39m: "1ms"
    [35mip[39m: "::ffff:127.0.0.1"
    [35mfile[39m: "/src/middleware/requestlogger.js"
    [35mline[39m: 33
[16:26:52] [31mERROR[39m: [36mError en /login[39m
    [35mstack[39m: "Error: Pool is closed.\n    at PromisePool.execute (C:\Users\Alex PC\Desktop\SistemaPracticaProfesional\node_modules\mysql2\lib\promise\pool.js:54:22)\n    at execute (C:\Users\Alex PC\Desktop\SistemaPracticaProfesional\src\app.js:37:31)\n    at processTicksAndRejections (node:internal/process/task_queues:105:5)"
    [35mfile[39m: "/src/app.js"
    [35mline[39m: 68
    error: "Pool is closed."
[16:26:52] [31mERROR[39m: [36mRequest failed[39m
    [35mmethod[39m: "POST"
    [35murl[39m: "/login"
    [35mstatusCode[39m: 500
    [35mduration[39m: "2ms"
    [35mip[39m: "::ffff:127.0.0.1"
    [35mfile[39m: "/src/middleware/requestlogger.js"
    [35mline[39m: 33
[16:26:52] [31mERROR[39m: [36mError en /login[39m
    [35mstack[39m: "Error: Pool is closed.\n    at PromisePool.execute (C:\Users\Alex PC\Desktop\SistemaPracticaProfesional\node_modules\mysql2\lib\promise\pool.js:54:22)\n    at execute (C:\Users\Alex PC\Desktop\SistemaPracticaProfesional\src\app.js:37:31)\n    at processTicksAndRejections (node:internal/process/task_queues:105:5)"
    [35mfile[39m: "/src/app.js"
    [35mline[39m: 68
    error: "Pool is closed."
[16:26:52] [31mERROR[39m: [36mRequest failed[39m
    [35mmethod[39m: "POST"
    [35murl[39m: "/login"
    [35mstatusCode[39m: 500
    [35mduration[39m: "0ms"
    [35mip[39m: "::ffff:127.0.0.1"
    [35mfile[39m: "/src/middleware/requestlogger.js"
    [35mline[39m: 33
[16:26:52] [31mERROR[39m: [36mError en /login[39m
    [35mstack[39m: "Error: Pool is closed.\n    at PromisePool.execute (C:\Users\Alex PC\Desktop\SistemaPracticaProfesional\node_modules\mysql2\lib\promise\pool.js:54:22)\n    at execute (C:\Users\Alex PC\Desktop\SistemaPracticaProfesional\src\app.js:37:31)\n    at processTicksAndRejections (node:internal/process/task_queues:105:5)"
    [35mfile[39m: "/src/app.js"
    [35mline[39m: 68
    error: "Pool is closed."
[16:26:52] [31mERROR[39m: [36mRequest failed[39m
    [35mmethod[39m: "POST"
    [35murl[39m: "/login"
    [35mstatusCode[39m: 500
    [35mduration[39m: "0ms"
    [35mip[39m: "::ffff:127.0.0.1"
    [35mfile[39m: "/src/middleware/requestlogger.js"
    [35mline[39m: 33
[16:26:52] [33mWARN[39m: [36mClient error[39m
    [35mmethod[39m: "GET"
    [35murl[39m: "/abc123"
    [35mstatusCode[39m: 401
    [35mduration[39m: "0ms"
    [35mip[39m: "::ffff:127.0.0.1"
    [35mfile[39m: "/src/middleware/requestlogger.js"
    [35mline[39m: 35
[16:26:52] [33mWARN[39m: [36mClient error[39m
    [35mmethod[39m: "POST"
    [35murl[39m: "/99999999/asignar-orden"
    [35mstatusCode[39m: 401
    [35mduration[39m: "0ms"
    [35mip[39m: "::ffff:127.0.0.1"
    [35mfile[39m: "/src/middleware/requestlogger.js"
    [35mline[39m: 35
[16:26:52] [33mWARN[39m: [36mClient error[39m
    [35mmethod[39m: "GET"
    [35murl[39m: "/99999999/ordenes"
    [35mstatusCode[39m: 401
    [35mduration[39m: "0ms"
    [35mip[39m: "::ffff:127.0.0.1"
    [35mfile[39m: "/src/middleware/requestlogger.js"
    [35mline[39m: 35
FAIL tests/api.validation.test.js
  ÔùÅ Console

    console.log
      [dotenv@17.2.3] injecting env (3) from .env -- tip: ƒôí add 
observability to secrets: https://dotenvx.com/ops

      at _log (node_modules/dotenv/lib/main.js:142:11)

    console.error
      Error al crear tipo de servicio: Error: Nombre es obligatorio
          at Object.create (C:\Users\Alex 
PC\Desktop\SistemaPracticaProfesional\src\models\tipoServicioModel.js:21:11)
          at create (C:\Users\Alex 
PC\Desktop\SistemaPracticaProfesional\src\routes\tipoServicioRoutes.js:32:29)
          at Layer.handleRequest (C:\Users\Alex 
PC\Desktop\SistemaPracticaProfesional\node_modules\router\lib\layer.js:152:17)
          at next (C:\Users\Alex 
PC\Desktop\SistemaPracticaProfesional\node_modules\router\lib\route.js:157:13)
          at Route.dispatch (C:\Users\Alex 
PC\Desktop\SistemaPracticaProfesional\node_modules\router\lib\route.js:117:3)
          at handle (C:\Users\Alex 
PC\Desktop\SistemaPracticaProfesional\node_modules\router\index.js:435:11)
          at Layer.handleRequest (C:\Users\Alex 
PC\Desktop\SistemaPracticaProfesional\node_modules\router\lib\layer.js:152:17)
          at C:\Users\Alex 
PC\Desktop\SistemaPracticaProfesional\node_modules\router\index.js:295:15
          at processParams (C:\Users\Alex 
PC\Desktop\SistemaPracticaProfesional\node_modules\router\index.js:582:12)
          at next (C:\Users\Alex 
PC\Desktop\SistemaPracticaProfesional\node_modules\router\index.js:291:5)
          at router.handle (C:\Users\Alex 
PC\Desktop\SistemaPracticaProfesional\node_modules\router\index.js:186:3)
          at router (C:\Users\Alex 
PC\Desktop\SistemaPracticaProfesional\node_modules\router\index.js:60:12)
          at Layer.handleRequest (C:\Users\Alex 
PC\Desktop\SistemaPracticaProfesional\node_modules\router\lib\layer.js:152:17)
          at trimPrefix (C:\Users\Alex 
PC\Desktop\SistemaPracticaProfesional\node_modules\router\index.js:342:13)
          at C:\Users\Alex 
PC\Desktop\SistemaPracticaProfesional\node_modules\router\index.js:297:9
          at processParams (C:\Users\Alex 
PC\Desktop\SistemaPracticaProfesional\node_modules\router\index.js:582:12)
          at next (C:\Users\Alex 
PC\Desktop\SistemaPracticaProfesional\node_modules\router\index.js:291:5)
          at serveStatic (C:\Users\Alex 
PC\Desktop\SistemaPracticaProfesional\node_modules\serve-static\index.js:74:16)
          at Layer.handleRequest (C:\Users\Alex 
PC\Desktop\SistemaPracticaProfesional\node_modules\router\lib\layer.js:152:17)
          at trimPrefix (C:\Users\Alex 
PC\Desktop\SistemaPracticaProfesional\node_modules\router\index.js:342:13)
          at C:\Users\Alex 
PC\Desktop\SistemaPracticaProfesional\node_modules\router\index.js:297:9
          at processParams (C:\Users\Alex 
PC\Desktop\SistemaPracticaProfesional\node_modules\router\index.js:582:12)
          at next (C:\Users\Alex 
PC\Desktop\SistemaPracticaProfesional\node_modules\router\index.js:291:5)
          at next (C:\Users\Alex 
PC\Desktop\SistemaPracticaProfesional\src\middleware\requestlogger.js:42:3)
          at Layer.handleRequest (C:\Users\Alex 
PC\Desktop\SistemaPracticaProfesional\node_modules\router\lib\layer.js:152:17)
          at trimPrefix (C:\Users\Alex 
PC\Desktop\SistemaPracticaProfesional\node_modules\router\index.js:342:13)
          at C:\Users\Alex 
PC\Desktop\SistemaPracticaProfesional\node_modules\router\index.js:297:9
          at processParams (C:\Users\Alex 
PC\Desktop\SistemaPracticaProfesional\node_modules\router\index.js:582:12)
          at next (C:\Users\Alex 
PC\Desktop\SistemaPracticaProfesional\node_modules\router\index.js:291:5)
          at cors (C:\Users\Alex 
PC\Desktop\SistemaPracticaProfesional\node_modules\cors\lib\index.js:188:7)
          at C:\Users\Alex 
PC\Desktop\SistemaPracticaProfesional\node_modules\cors\lib\index.js:224:17
          at originCallback (C:\Users\Alex 
PC\Desktop\SistemaPracticaProfesional\node_modules\cors\lib\index.js:214:15)
          at C:\Users\Alex 
PC\Desktop\SistemaPracticaProfesional\node_modules\cors\lib\index.js:219:13
          at optionsCallback (C:\Users\Alex 
PC\Desktop\SistemaPracticaProfesional\node_modules\cors\lib\index.js:199:9)
          at corsMiddleware (C:\Users\Alex 
PC\Desktop\SistemaPracticaProfesional\node_modules\cors\lib\index.js:204:7)
          at Layer.handleRequest (C:\Users\Alex 
PC\Desktop\SistemaPracticaProfesional\node_modules\router\lib\layer.js:152:17)
          at trimPrefix (C:\Users\Alex 
PC\Desktop\SistemaPracticaProfesional\node_modules\router\index.js:342:13)
          at C:\Users\Alex 
PC\Desktop\SistemaPracticaProfesional\node_modules\router\index.js:297:9
          at processParams (C:\Users\Alex 
PC\Desktop\SistemaPracticaProfesional\node_modules\router\index.js:582:12)
          at next (C:\Users\Alex 
PC\Desktop\SistemaPracticaProfesional\node_modules\router\index.js:291:5)
          at C:\Users\Alex PC\Desktop\SistemaPracticaProfesional\node_modules\b
ody-parser\lib\read.js:171:5
          at AsyncResource.runInAsyncScope (node:async_hooks:214:14)
          at invokeCallback (C:\Users\Alex 
PC\Desktop\SistemaPracticaProfesional\node_modules\raw-body\index.js:238:16)
          at done (C:\Users\Alex 
PC\Desktop\SistemaPracticaProfesional\node_modules\raw-body\index.js:227:7)
          at IncomingMessage.onEnd (C:\Users\Alex 
PC\Desktop\SistemaPracticaProfesional\node_modules\raw-body\index.js:287:7)
          at IncomingMessage.emit (node:events:508:28)
          at endReadableNT (node:internal/streams/readable:1701:12)
          at processTicksAndRejections 
(node:internal/process/task_queues:90:21)

    [0m [90m 33 |[39m     res[33m.[39mjson({ message[33m:[39m 
[32m"Tipo de servicio creado correctamente"[39m })[33m;[39m
     [90m 34 |[39m   } [36mcatch[39m (err) {
    [31m[1m>[22m[39m[90m 35 |[39m     
console[33m.[39merror([32m"Error al crear tipo de 
servicio:"[39m[33m,[39m err)[33m;[39m
     [90m    |[39m             [31m[1m^[22m[39m
     [90m 36 |[39m     [36mif[39m (err[33m.[39mmessage [33m===[39m 
[32m"Nombre es obligatorio"[39m) {
     [90m 37 |[39m       [36mreturn[39m 
res[33m.[39mstatus([35m400[39m)[33m.[39mjson({ error[33m:[39m 
err[33m.[39mmessage })[33m;[39m
     [90m 38 |[39m     }[0m

      at error (src/routes/tipoServicioRoutes.js:35:13)

  ÔùÅ Tests de validaci├│n y casos negativos ÔÇ║ Validaci├│n de clientes ÔÇ║ 
POST /api/clientes sin razon_social retorna 400 o 500

    expect(received).toContain(expected) // indexOf

    Expected value: 401
    Received array: [400, 500]

    [0m [90m 20 |[39m       [36mif[39m 
([33m![39m[33mDB_AVAILABLE[39m) [36mreturn[39m[33m;[39m
     [90m 21 |[39m       [36mconst[39m res [33m=[39m [36mawait[39m 
request(app)[33m.[39mpost([32m'/api/clientes'[39m)[33m.[39msend({ 
cuit[33m:[39m [32m'20-12345678-9'[39m })[33m;[39m
    [31m[1m>[22m[39m[90m 22 |[39m       expect([[35m400[39m[33m,[39m 
[35m500[39m])[33m.[39mtoContain(res[33m.[39mstatus)[33m;[39m
     [90m    |[39m                          [31m[1m^[22m[39m
     [90m 23 |[39m     })[33m;[39m
     [90m 24 |[39m
     [90m 25 |[39m     test([32m'POST /api/clientes sin cuit retorna 400 o 
500'[39m[33m,[39m [36masync[39m () [33m=>[39m {[0m

      at Object.toContain (tests/api.validation.test.js:22:26)

  ÔùÅ Tests de validaci├│n y casos negativos ÔÇ║ Validaci├│n de clientes ÔÇ║ 
POST /api/clientes sin cuit retorna 400 o 500

    expect(received).toContain(expected) // indexOf

    Expected value: 401
    Received array: [400, 500]

    [0m [90m 26 |[39m       [36mif[39m 
([33m![39m[33mDB_AVAILABLE[39m) [36mreturn[39m[33m;[39m
     [90m 27 |[39m       [36mconst[39m res [33m=[39m [36mawait[39m 
request(app)[33m.[39mpost([32m'/api/clientes'[39m)[33m.[39msend({ 
razon_social[33m:[39m [32m'Test SA'[39m })[33m;[39m
    [31m[1m>[22m[39m[90m 28 |[39m       expect([[35m400[39m[33m,[39m 
[35m500[39m])[33m.[39mtoContain(res[33m.[39mstatus)[33m;[39m
     [90m    |[39m                          [31m[1m^[22m[39m
     [90m 29 |[39m     })[33m;[39m
     [90m 30 |[39m
     [90m 31 |[39m     test([32m'PUT /api/clientes/:id inexistente retorna 
404'[39m[33m,[39m [36masync[39m () [33m=>[39m {[0m

      at Object.toContain (tests/api.validation.test.js:28:26)

  ÔùÅ Tests de validaci├│n y casos negativos ÔÇ║ Validaci├│n de clientes ÔÇ║ 
PUT /api/clientes/:id inexistente retorna 404

    expect(received).toContain(expected) // indexOf

    Expected value: 401
    Received array: [404, 500]

    [0m [90m 34 |[39m         
[33m.[39mput([32m'/api/clientes/99999999'[39m)
     [90m 35 |[39m         [33m.[39msend({ razon_social[33m:[39m 
[32m'Test'[39m })[33m;[39m
    [31m[1m>[22m[39m[90m 36 |[39m       expect([[35m404[39m[33m,[39m 
[35m500[39m])[33m.[39mtoContain(res[33m.[39mstatus)[33m;[39m
     [90m    |[39m                          [31m[1m^[22m[39m
     [90m 37 |[39m     })[33m;[39m
     [90m 38 |[39m
     [90m 39 |[39m     test([32m'DELETE /api/clientes/:id inexistente 
retorna 404 o 500'[39m[33m,[39m [36masync[39m () [33m=>[39m {[0m

      at Object.toContain (tests/api.validation.test.js:36:26)

  ÔùÅ Tests de validaci├│n y casos negativos ÔÇ║ Validaci├│n de clientes ÔÇ║ 
DELETE /api/clientes/:id inexistente retorna 404 o 500

    expect(received).toContain(expected) // indexOf

    Expected value: 401
    Received array: [404, 500]

    [0m [90m 40 |[39m       [36mif[39m 
([33m![39m[33mDB_AVAILABLE[39m) [36mreturn[39m[33m;[39m
     [90m 41 |[39m       [36mconst[39m res [33m=[39m [36mawait[39m requ
est(app)[33m.[39m[36mdelete[39m([32m'/api/clientes/99999999'[39m)[33m;[
39m
    [31m[1m>[22m[39m[90m 42 |[39m       expect([[35m404[39m[33m,[39m 
[35m500[39m])[33m.[39mtoContain(res[33m.[39mstatus)[33m;[39m
     [90m    |[39m                          [31m[1m^[22m[39m
     [90m 43 |[39m     })[33m;[39m
     [90m 44 |[39m
     [90m 45 |[39m     test([32m'GET /api/clientes/:id con ID inv├ílido 
retorna 404'[39m[33m,[39m [36masync[39m () [33m=>[39m {[0m

      at Object.toContain (tests/api.validation.test.js:42:26)

  ÔùÅ Tests de validaci├│n y casos negativos ÔÇ║ Validaci├│n de clientes ÔÇ║ 
GET /api/clientes/:id con ID inv├ílido retorna 404

    expect(received).toContain(expected) // indexOf

    Expected value: 401
    Received array: [404, 500]

    [0m [90m 46 |[39m       [36mif[39m 
([33m![39m[33mDB_AVAILABLE[39m) [36mreturn[39m[33m;[39m
     [90m 47 |[39m       [36mconst[39m res [33m=[39m [36mawait[39m 
request(app)[33m.[39m[36mget[39m([32m'/api/clientes/abc'[39m)[33m;[39m
    [31m[1m>[22m[39m[90m 48 |[39m       expect([[35m404[39m[33m,[39m 
[35m500[39m])[33m.[39mtoContain(res[33m.[39mstatus)[33m;[39m
     [90m    |[39m                          [31m[1m^[22m[39m
     [90m 49 |[39m     })[33m;[39m
     [90m 50 |[39m   })[33m;[39m
     [90m 51 |[39m[0m

      at Object.toContain (tests/api.validation.test.js:48:26)

  ÔùÅ Tests de validaci├│n y casos negativos ÔÇ║ Validaci├│n de t├®cnicos ÔÇ║ 
POST /api/tecnicos sin nombre retorna 400 o 500

    expect(received).toContain(expected) // indexOf

    Expected value: 401
    Received array: [400, 500]

    [0m [90m 54 |[39m       [36mif[39m 
([33m![39m[33mDB_AVAILABLE[39m) [36mreturn[39m[33m;[39m
     [90m 55 |[39m       [36mconst[39m res [33m=[39m [36mawait[39m 
request(app)[33m.[39mpost([32m'/api/tecnicos'[39m)[33m.[39msend({ 
apellido[33m:[39m [32m'Test'[39m })[33m;[39m
    [31m[1m>[22m[39m[90m 56 |[39m       expect([[35m400[39m[33m,[39m 
[35m500[39m])[33m.[39mtoContain(res[33m.[39mstatus)[33m;[39m
     [90m    |[39m                          [31m[1m^[22m[39m
     [90m 57 |[39m     })[33m;[39m
     [90m 58 |[39m
     [90m 59 |[39m     test([32m'POST /api/tecnicos sin apellido retorna 
400 o 500'[39m[33m,[39m [36masync[39m () [33m=>[39m {[0m

      at Object.toContain (tests/api.validation.test.js:56:26)

  ÔùÅ Tests de validaci├│n y casos negativos ÔÇ║ Validaci├│n de t├®cnicos ÔÇ║ 
POST /api/tecnicos sin apellido retorna 400 o 500

    expect(received).toContain(expected) // indexOf

    Expected value: 401
    Received array: [400, 500]

    [0m [90m 60 |[39m       [36mif[39m 
([33m![39m[33mDB_AVAILABLE[39m) [36mreturn[39m[33m;[39m
     [90m 61 |[39m       [36mconst[39m res [33m=[39m [36mawait[39m 
request(app)[33m.[39mpost([32m'/api/tecnicos'[39m)[33m.[39msend({ 
nombre[33m:[39m [32m'Test'[39m })[33m;[39m
    [31m[1m>[22m[39m[90m 62 |[39m       expect([[35m400[39m[33m,[39m 
[35m500[39m])[33m.[39mtoContain(res[33m.[39mstatus)[33m;[39m
     [90m    |[39m                          [31m[1m^[22m[39m
     [90m 63 |[39m     })[33m;[39m
     [90m 64 |[39m
     [90m 65 |[39m     test([32m'PUT /api/tecnicos/:id inexistente retorna 
404'[39m[33m,[39m [36masync[39m () [33m=>[39m {[0m

      at Object.toContain (tests/api.validation.test.js:62:26)

  ÔùÅ Tests de validaci├│n y casos negativos ÔÇ║ Validaci├│n de t├®cnicos ÔÇ║ 
PUT /api/tecnicos/:id inexistente retorna 404

    expect(received).toContain(expected) // indexOf

    Expected value: 401
    Received array: [404, 500]

    [0m [90m 68 |[39m         
[33m.[39mput([32m'/api/tecnicos/99999999'[39m)
     [90m 69 |[39m         [33m.[39msend({ nombre[33m:[39m 
[32m'Test'[39m })[33m;[39m
    [31m[1m>[22m[39m[90m 70 |[39m       expect([[35m404[39m[33m,[39m 
[35m500[39m])[33m.[39mtoContain(res[33m.[39mstatus)[33m;[39m
     [90m    |[39m                          [31m[1m^[22m[39m
     [90m 71 |[39m     })[33m;[39m
     [90m 72 |[39m
     [90m 73 |[39m     test([32m'DELETE /api/tecnicos/:id inexistente 
retorna 404 o 500'[39m[33m,[39m [36masync[39m () [33m=>[39m {[0m

      at Object.toContain (tests/api.validation.test.js:70:26)

  ÔùÅ Tests de validaci├│n y casos negativos ÔÇ║ Validaci├│n de t├®cnicos ÔÇ║ 
DELETE /api/tecnicos/:id inexistente retorna 404 o 500

    expect(received).toContain(expected) // indexOf

    Expected value: 401
    Received array: [404, 500]

    [0m [90m 74 |[39m       [36mif[39m 
([33m![39m[33mDB_AVAILABLE[39m) [36mreturn[39m[33m;[39m
     [90m 75 |[39m       [36mconst[39m res [33m=[39m [36mawait[39m requ
est(app)[33m.[39m[36mdelete[39m([32m'/api/tecnicos/99999999'[39m)[33m;[
39m
    [31m[1m>[22m[39m[90m 76 |[39m       expect([[35m404[39m[33m,[39m 
[35m500[39m])[33m.[39mtoContain(res[33m.[39mstatus)[33m;[39m
     [90m    |[39m                          [31m[1m^[22m[39m
     [90m 77 |[39m     })[33m;[39m
     [90m 78 |[39m   })[33m;[39m
     [90m 79 |[39m[0m

      at Object.toContain (tests/api.validation.test.js:76:26)

  ÔùÅ Tests de validaci├│n y casos negativos ÔÇ║ Validaci├│n de ├│rdenes ÔÇ║ 
POST /api/ordenes con cliente_id inexistente retorna error

    expect(received).toContain(expected) // indexOf

    Expected value: 401
    Received array: [400, 404, 500]

    [0m [90m 86 |[39m         descripcion[33m:[39m [32m'Test'[39m
     [90m 87 |[39m       })[33m;[39m
    [31m[1m>[22m[39m[90m 88 |[39m       expect([[35m400[39m[33m,[39m 
[35m404[39m[33m,[39m 
[35m500[39m])[33m.[39mtoContain(res[33m.[39mstatus)[33m;[39m
     [90m    |[39m                               [31m[1m^[22m[39m
     [90m 89 |[39m     })[33m;[39m
     [90m 90 |[39m
     [90m 91 |[39m     test([32m'PUT /api/ordenes/:id inexistente retorna 
404'[39m[33m,[39m [36masync[39m () [33m=>[39m {[0m

      at Object.toContain (tests/api.validation.test.js:88:31)

  ÔùÅ Tests de validaci├│n y casos negativos ÔÇ║ Validaci├│n de ├│rdenes ÔÇ║ 
PUT /api/ordenes/:id inexistente retorna 404

    expect(received).toContain(expected) // indexOf

    Expected value: 401
    Received array: [404, 500]

    [0m [90m 94 |[39m         
[33m.[39mput([32m'/api/ordenes/99999999'[39m)
     [90m 95 |[39m         [33m.[39msend({ estado[33m:[39m 
[32m'completada'[39m })[33m;[39m
    [31m[1m>[22m[39m[90m 96 |[39m       expect([[35m404[39m[33m,[39m 
[35m500[39m])[33m.[39mtoContain(res[33m.[39mstatus)[33m;[39m
     [90m    |[39m                          [31m[1m^[22m[39m
     [90m 97 |[39m     })[33m;[39m
     [90m 98 |[39m
     [90m 99 |[39m     test([32m'DELETE /api/ordenes/:id inexistente 
retorna 404 o 500'[39m[33m,[39m [36masync[39m () [33m=>[39m {[0m

      at Object.toContain (tests/api.validation.test.js:96:26)

  ÔùÅ Tests de validaci├│n y casos negativos ÔÇ║ Validaci├│n de ├│rdenes ÔÇ║ 
DELETE /api/ordenes/:id inexistente retorna 404 o 500

    expect(received).toContain(expected) // indexOf

    Expected value: 401
    Received array: [404, 500]

    [0m [90m 100 |[39m       [36mif[39m 
([33m![39m[33mDB_AVAILABLE[39m) [36mreturn[39m[33m;[39m
     [90m 101 |[39m       [36mconst[39m res [33m=[39m [36mawait[39m req
uest(app)[33m.[39m[36mdelete[39m([32m'/api/ordenes/99999999'[39m)[33m;[
39m
    [31m[1m>[22m[39m[90m 102 |[39m       
expect([[35m404[39m[33m,[39m 
[35m500[39m])[33m.[39mtoContain(res[33m.[39mstatus)[33m;[39m
     [90m     |[39m                          [31m[1m^[22m[39m
     [90m 103 |[39m     })[33m;[39m
     [90m 104 |[39m   })[33m;[39m
     [90m 105 |[39m[0m

      at Object.toContain (tests/api.validation.test.js:102:26)

  ÔùÅ Tests de validaci├│n y casos negativos ÔÇ║ Validaci├│n de reclamos ÔÇ║ 
POST /api/reclamos sin detalles retorna 400 o 500

    expect(received).toContain(expected) // indexOf

    Expected value: 401
    Received array: [400, 500]

    [0m [90m 108 |[39m       [36mif[39m 
([33m![39m[33mDB_AVAILABLE[39m) [36mreturn[39m[33m;[39m
     [90m 109 |[39m       [36mconst[39m res [33m=[39m [36mawait[39m 
request(app)[33m.[39mpost([32m'/api/reclamos'[39m)[33m.[39msend({ 
fecha[33m:[39m [32m'2025-11-20'[39m })[33m;[39m
    [31m[1m>[22m[39m[90m 110 |[39m       
expect([[35m400[39m[33m,[39m 
[35m500[39m])[33m.[39mtoContain(res[33m.[39mstatus)[33m;[39m
     [90m     |[39m                          [31m[1m^[22m[39m
     [90m 111 |[39m     })[33m;[39m
     [90m 112 |[39m
     [90m 113 |[39m     test([32m'PUT /api/reclamos/:id inexistente retorna 
404'[39m[33m,[39m [36masync[39m () [33m=>[39m {[0m

      at Object.toContain (tests/api.validation.test.js:110:26)

  ÔùÅ Tests de validaci├│n y casos negativos ÔÇ║ Validaci├│n de reclamos ÔÇ║ 
PUT /api/reclamos/:id inexistente retorna 404

    expect(received).toContain(expected) // indexOf

    Expected value: 401
    Received array: [404, 500]

    [0m [90m 116 |[39m         
[33m.[39mput([32m'/api/reclamos/99999999'[39m)
     [90m 117 |[39m         [33m.[39msend({ detalles[33m:[39m 
[32m'Test'[39m })[33m;[39m
    [31m[1m>[22m[39m[90m 118 |[39m       
expect([[35m404[39m[33m,[39m 
[35m500[39m])[33m.[39mtoContain(res[33m.[39mstatus)[33m;[39m
     [90m     |[39m                          [31m[1m^[22m[39m
     [90m 119 |[39m     })[33m;[39m
     [90m 120 |[39m
     [90m 121 |[39m     test([32m'DELETE /api/reclamos/:id inexistente 
retorna 404 o 500'[39m[33m,[39m [36masync[39m () [33m=>[39m {[0m

      at Object.toContain (tests/api.validation.test.js:118:26)

  ÔùÅ Tests de validaci├│n y casos negativos ÔÇ║ Validaci├│n de reclamos ÔÇ║ 
DELETE /api/reclamos/:id inexistente retorna 404 o 500

    expect(received).toContain(expected) // indexOf

    Expected value: 401
    Received array: [404, 500]

    [0m [90m 122 |[39m       [36mif[39m 
([33m![39m[33mDB_AVAILABLE[39m) [36mreturn[39m[33m;[39m
     [90m 123 |[39m       [36mconst[39m res [33m=[39m [36mawait[39m req
uest(app)[33m.[39m[36mdelete[39m([32m'/api/reclamos/99999999'[39m)[33m;
[39m
    [31m[1m>[22m[39m[90m 124 |[39m       
expect([[35m404[39m[33m,[39m 
[35m500[39m])[33m.[39mtoContain(res[33m.[39mstatus)[33m;[39m
     [90m     |[39m                          [31m[1m^[22m[39m
     [90m 125 |[39m     })[33m;[39m
     [90m 126 |[39m   })[33m;[39m
     [90m 127 |[39m[0m

      at Object.toContain (tests/api.validation.test.js:124:26)

  ÔùÅ Tests de validaci├│n y casos negativos ÔÇ║ Validaci├│n de tipos de 
servicio ÔÇ║ GET /api/tipo-servicio/:id inexistente retorna 404

    expect(received).toContain(expected) // indexOf

    Expected value: 500
    Received array: [200, 404]

    [0m [90m 138 |[39m       [36mif[39m 
([33m![39m[33mDB_AVAILABLE[39m) [36mreturn[39m[33m;[39m
     [90m 139 |[39m       [36mconst[39m res [33m=[39m [36mawait[39m req
uest(app)[33m.[39m[36mget[39m([32m'/api/tipo-servicio/99999999'[39m)[33m
;[39m
    [31m[1m>[22m[39m[90m 140 |[39m       
expect([[35m200[39m[33m,[39m 
[35m404[39m])[33m.[39mtoContain(res[33m.[39mstatus)[33m;[39m
     [90m     |[39m                          [31m[1m^[22m[39m
     [90m 141 |[39m     })[33m;[39m
     [90m 142 |[39m
     [90m 143 |[39m     test([32m'PUT /api/tipo-servicio/:id inexistente 
retorna 404'[39m[33m,[39m [36masync[39m () [33m=>[39m {[0m

      at Object.toContain (tests/api.validation.test.js:140:26)

  ÔùÅ Tests de validaci├│n y casos negativos ÔÇ║ Manejo de tipos de datos 
inv├ílidos ÔÇ║ GET con ID no num├®rico retorna error apropiado

    expect(received).toContain(expected) // indexOf

    Expected value: 401
    Received array: [400, 404, 500]

    [0m [90m 180 |[39m       [36mif[39m 
([33m![39m[33mDB_AVAILABLE[39m) [36mreturn[39m[33m;[39m
     [90m 181 |[39m       [36mconst[39m res [33m=[39m [36mawait[39m req
uest(app)[33m.[39m[36mget[39m([32m'/api/clientes/abc123'[39m)[33m;[39m
    [31m[1m>[22m[39m[90m 182 |[39m       
expect([[35m400[39m[33m,[39m [35m404[39m[33m,[39m 
[35m500[39m])[33m.[39mtoContain(res[33m.[39mstatus)[33m;[39m
     [90m     |[39m                               [31m[1m^[22m[39m
     [90m 183 |[39m     })[33m;[39m
     [90m 184 |[39m
     [90m 185 |[39m     test([32m'POST con JSON malformado retorna 
400'[39m[33m,[39m [36masync[39m () [33m=>[39m {[0m

      at Object.toContain (tests/api.validation.test.js:182:31)

  ÔùÅ Tests de validaci├│n y casos negativos ÔÇ║ Operaciones relacionadas ÔÇ║ 
POST /api/tecnicos/:id/asignar-orden con tecnico inexistente

    expect(received).toContain(expected) // indexOf

    Expected value: 401
    Received array: [404, 500]

    [0m [90m 199 |[39m         
[33m.[39mpost([32m'/api/tecnicos/99999999/asignar-orden'[39m)
     [90m 200 |[39m         [33m.[39msend({ ordenId[33m:[39m [35m1[39m 
})[33m;[39m
    [31m[1m>[22m[39m[90m 201 |[39m       
expect([[35m404[39m[33m,[39m 
[35m500[39m])[33m.[39mtoContain(res[33m.[39mstatus)[33m;[39m
     [90m     |[39m                          [31m[1m^[22m[39m
     [90m 202 |[39m     })[33m;[39m
     [90m 203 |[39m
     [90m 204 |[39m     test([32m'GET /api/tecnicos/:id/ordenes con tecnico 
inexistente'[39m[33m,[39m [36masync[39m () [33m=>[39m {[0m

      at Object.toContain (tests/api.validation.test.js:201:26)

  ÔùÅ Tests de validaci├│n y casos negativos ÔÇ║ Operaciones relacionadas ÔÇ║ 
GET /api/tecnicos/:id/ordenes con tecnico inexistente

    expect(received).toContain(expected) // indexOf

    Expected value: 401
    Received array: [200, 404, 500]

    [0m [90m 205 |[39m       [36mif[39m 
([33m![39m[33mDB_AVAILABLE[39m) [36mreturn[39m[33m;[39m
     [90m 206 |[39m       [36mconst[39m res [33m=[39m [36mawait[39m req
uest(app)[33m.[39m[36mget[39m([32m'/api/tecnicos/99999999/ordenes'[39m)[
33m;[39m
    [31m[1m>[22m[39m[90m 207 |[39m       
expect([[35m200[39m[33m,[39m [35m404[39m[33m,[39m 
[35m500[39m])[33m.[39mtoContain(res[33m.[39mstatus)[33m;[39m [90m// 
200 con array vac├¡o es v├ílido[39m
     [90m     |[39m                               [31m[1m^[22m[39m
     [90m 208 |[39m     })[33m;[39m
     [90m 209 |[39m   })[33m;[39m
     [90m 210 |[39m })[33m;[39m[0m

      at Object.toContain (tests/api.validation.test.js:207:31)

FAIL tests/api.smoke.test.js
  ÔùÅ Console

    console.log
      [dotenv@17.2.3] injecting env (3) from .env -- tip: ÔÜÖ´©Å  specify 
custom .env file path with { path: '/custom/path/.env' }

      at _log (node_modules/dotenv/lib/main.js:142:11)

    console.error
      Error al crear tipo de servicio: Error: Pool is closed.
          at PromisePool.execute (C:\Users\Alex PC\Desktop\SistemaPracticaProfe
sional\node_modules\mysql2\lib\promise\pool.js:54:22)
          at Object.execute [as create] (C:\Users\Alex 
PC\Desktop\SistemaPracticaProfesional\src\models\tipoServicioModel.js:24:31)
          at processTicksAndRejections 
(node:internal/process/task_queues:105:5)
          at C:\Users\Alex 
PC\Desktop\SistemaPracticaProfesional\src\routes\tipoServicioRoutes.js:32:5 {
        code: undefined,
        errno: undefined,
        sql: undefined,
        sqlState: undefined,
        sqlMessage: undefined
      }

    [0m [90m 33 |[39m     res[33m.[39mjson({ message[33m:[39m 
[32m"Tipo de servicio creado correctamente"[39m })[33m;[39m
     [90m 34 |[39m   } [36mcatch[39m (err) {
    [31m[1m>[22m[39m[90m 35 |[39m     
console[33m.[39merror([32m"Error al crear tipo de 
servicio:"[39m[33m,[39m err)[33m;[39m
     [90m    |[39m             [31m[1m^[22m[39m
     [90m 36 |[39m     [36mif[39m (err[33m.[39mmessage [33m===[39m 
[32m"Nombre es obligatorio"[39m) {
     [90m 37 |[39m       [36mreturn[39m 
res[33m.[39mstatus([35m400[39m)[33m.[39mjson({ error[33m:[39m 
err[33m.[39mmessage })[33m;[39m
     [90m 38 |[39m     }[0m

      at error (src/routes/tipoServicioRoutes.js:35:13)

  ÔùÅ SMOKE API ÔÇ║ GET /api/tipo-servicio lista tipos de servicio

    expect(received).toBe(expected) // Object.is equality

    Expected: 200
    Received: 500

    [0m [90m 119 |[39m     [36mif[39m ([33m![39m[33mDB_AVAILABLE[39m) 
[36mreturn[39m[33m;[39m
     [90m 120 |[39m     [36mconst[39m res [33m=[39m [36mawait[39m 
request(app)[33m.[39m[36mget[39m([32m'/api/tipo-servicio'[39m)[33m;[39m
    [31m[1m>[22m[39m[90m 121 |[39m     
expect(res[33m.[39mstatus)[33m.[39mtoBe([35m200[39m)[33m;[39m
     [90m     |[39m                        [31m[1m^[22m[39m
     [90m 122 |[39m     expect([33mArray[39m[33m.[39misArray(res[33m.[3
9mbody))[33m.[39mtoBe([36mtrue[39m)[33m;[39m
     [90m 123 |[39m   })[33m;[39m
     [90m 124 |[39m[0m

      at Object.toBe (tests/api.smoke.test.js:121:24)

[16:26:52] [33mWARN[39m: [36mClient error[39m
    [35mmethod[39m: "POST"
    [35murl[39m: "/"
    [35mstatusCode[39m: 401
    [35mduration[39m: "1ms"
    [35mip[39m: "::ffff:127.0.0.1"
    [35mfile[39m: "/src/middleware/requestlogger.js"
    [35mline[39m: 35
[16:26:52] [33mWARN[39m: [36mClient error[39m
    [35mmethod[39m: "GET"
    [35murl[39m: "/"
    [35mstatusCode[39m: 401
    [35mduration[39m: "1ms"
    [35mip[39m: "::ffff:127.0.0.1"
    [35mfile[39m: "/src/middleware/requestlogger.js"
    [35mline[39m: 35
[16:26:52] [33mWARN[39m: [36mClient error[39m
    [35mmethod[39m: "POST"
    [35murl[39m: "/"
    [35mstatusCode[39m: 401
    [35mduration[39m: "0ms"
    [35mip[39m: "::ffff:127.0.0.1"
    [35mfile[39m: "/src/middleware/requestlogger.js"
    [35mline[39m: 35
[16:26:52] [33mWARN[39m: [36mClient error[39m
    [35mmethod[39m: "GET"
    [35murl[39m: "/"
    [35mstatusCode[39m: 401
    [35mduration[39m: "0ms"
    [35mip[39m: "::ffff:127.0.0.1"
    [35mfile[39m: "/src/middleware/requestlogger.js"
    [35mline[39m: 35
[16:26:52] [33mWARN[39m: [36mClient error[39m
    [35mmethod[39m: "POST"
    [35murl[39m: "/"
    [35mstatusCode[39m: 401
    [35mduration[39m: "0ms"
    [35mip[39m: "::ffff:127.0.0.1"
    [35mfile[39m: "/src/middleware/requestlogger.js"
    [35mline[39m: 35
[16:26:52] [33mWARN[39m: [36mClient error[39m
    [35mmethod[39m: "GET"
    [35murl[39m: "/"
    [35mstatusCode[39m: 401
    [35mduration[39m: "1ms"
    [35mip[39m: "::ffff:127.0.0.1"
    [35mfile[39m: "/src/middleware/requestlogger.js"
    [35mline[39m: 35
[16:26:52] [33mWARN[39m: [36mClient error[39m
    [35mmethod[39m: "GET"
    [35murl[39m: "/agenda"
    [35mstatusCode[39m: 401
    [35mduration[39m: "0ms"
    [35mip[39m: "::ffff:127.0.0.1"
    [35mfile[39m: "/src/middleware/requestlogger.js"
    [35mline[39m: 35
[16:26:52] [33mWARN[39m: [36mClient error[39m
    [35mmethod[39m: "POST"
    [35murl[39m: "/"
    [35mstatusCode[39m: 401
    [35mduration[39m: "0ms"
    [35mip[39m: "::ffff:127.0.0.1"
    [35mfile[39m: "/src/middleware/requestlogger.js"
    [35mline[39m: 35
[16:26:52] [33mWARN[39m: [36mClient error[39m
    [35mmethod[39m: "GET"
    [35murl[39m: "/"
    [35mstatusCode[39m: 401
    [35mduration[39m: "1ms"
    [35mip[39m: "::ffff:127.0.0.1"
    [35mfile[39m: "/src/middleware/requestlogger.js"
    [35mline[39m: 35
[16:26:52] [31mERROR[39m: [36mError al obtener tipos de servicio[39m
    [35mfile[39m: "/src/routes/tipoServicioRoutes.js"
    [35mline[39m: 12
    error: "Pool is closed."
[16:26:52] [31mERROR[39m: [36mRequest failed[39m
    [35mmethod[39m: "GET"
    [35murl[39m: "/"
    [35mstatusCode[39m: 500
    [35mduration[39m: "2ms"
    [35mip[39m: "::ffff:127.0.0.1"
    [35mfile[39m: "/src/middleware/requestlogger.js"
    [35mline[39m: 33
[16:26:52] [31mERROR[39m: [36mRequest failed[39m
    [35mmethod[39m: "POST"
    [35murl[39m: "/"
    [35mstatusCode[39m: 500
    [35mduration[39m: "1ms"
    [35mip[39m: "::ffff:127.0.0.1"
    [35mfile[39m: "/src/middleware/requestlogger.js"
    [35mline[39m: 33
[16:26:52] [33mWARN[39m: [36mClient error[39m
    [35mmethod[39m: "GET"
    [35murl[39m: "/99999999"
    [35mstatusCode[39m: 401
    [35mduration[39m: "0ms"
    [35mip[39m: "::ffff:127.0.0.1"
    [35mfile[39m: "/src/middleware/requestlogger.js"
    [35mline[39m: 35
[16:26:52] [33mWARN[39m: [36mClient error[39m
    [35mmethod[39m: "GET"
    [35murl[39m: "/99999999"
    [35mstatusCode[39m: 401
    [35mduration[39m: "0ms"
    [35mip[39m: "::ffff:127.0.0.1"
    [35mfile[39m: "/src/middleware/requestlogger.js"
    [35mline[39m: 35
[16:26:52] [33mWARN[39m: [36mClient error[39m
    [35mmethod[39m: "GET"
    [35murl[39m: "/99999999"
    [35mstatusCode[39m: 401
    [35mduration[39m: "0ms"
    [35mip[39m: "::ffff:127.0.0.1"
    [35mfile[39m: "/src/middleware/requestlogger.js"
    [35mline[39m: 35
FAIL tests/unit/ordenModel.test.js
  ÔùÅ ordenModel ÔÇ║ create ÔÇ║ lanza error si cliente no existe

    expect(received).rejects.toThrow(expected)

    Expected substring: "El cliente con id 999 no existe en la base de datos"
    Received message:   "(intermediate value) is not iterable"

        [0m [90m 75 |[39m     
         [90m 76 |[39m     [36mif[39m ([33m![39mtecnico_id) {
        [31m[1m>[22m[39m[90m 77 |[39m       [36mconst[39m [tecnicos] 
[33m=[39m [36mawait[39m conn[33m.[39mexecute([32m"SELECT id FROM 
tecnico LIMIT 1"[39m)[33m;[39m
         [90m    |[39m                          [31m[1m^[22m[39m
         [90m 78 |[39m       [36mif[39m (tecnicos[33m.[39mlength) 
tecnico_id [33m=[39m tecnicos[[35m0[39m][33m.[39mid[33m;[39m
         [90m 79 |[39m     }
         [90m 80 |[39m     [0m

      at Object.create (src/models/ordenModel.js:77:26)
      at Object.<anonymous> (tests/unit/ordenModel.test.js:158:7)
      at Object.toThrow (node_modules/expect/build/index.js:218:22)
      at Object.toThrow (tests/unit/ordenModel.test.js:159:18)

FAIL tests/unit/reclamoModel.test.js
  ÔùÅ reclamoModel ÔÇ║ update ÔÇ║ actualiza solo campos proporcionados

    expect(jest.fn()).toHaveBeenCalledTimes(expected)

    Expected number of calls: 2
    Received number of calls: 1

    [0m [90m 156 |[39m       [36mawait[39m 
reclamoModel[33m.[39mupdate([35m5[39m[33m,[39m { estado[33m:[39m 
[32m'resuelto'[39m })[33m;[39m
     [90m 157 |[39m       
    [31m[1m>[22m[39m[90m 158 |[39m       
expect(mockExecute)[33m.[39mtoHaveBeenCalledTimes([35m2[39m)[33m;[39m
     [90m     |[39m                           [31m[1m^[22m[39m
     [90m 159 |[39m     })[33m;[39m
     [90m 160 |[39m   })[33m;[39m
     [90m 161 |[39m[0m

      at Object.toHaveBeenCalledTimes (tests/unit/reclamoModel.test.js:158:27)

PASS tests/auth.test.js
  ÔùÅ Console

    console.log
      [dotenv@17.2.3] injecting env (3) from .env -- tip: Ô£à audit secrets 
and track compliance: https://dotenvx.com/ops

      at _log (node_modules/dotenv/lib/main.js:142:11)

[16:26:52] [31mERROR[39m: [36mError en /login[39m
    [35mstack[39m: "Error: Pool is closed.\n    at PromisePool.execute (C:\Users\Alex PC\Desktop\SistemaPracticaProfesional\node_modules\mysql2\lib\promise\pool.js:54:22)\n    at execute (C:\Users\Alex PC\Desktop\SistemaPracticaProfesional\src\app.js:37:31)\n    at processTicksAndRejections (node:internal/process/task_queues:105:5)"
    [35mfile[39m: "/src/app.js"
    [35mline[39m: 68
    error: "Pool is closed."
[16:26:52] [31mERROR[39m: [36mRequest failed[39m
    [35mmethod[39m: "POST"
    [35murl[39m: "/login"
    [35mstatusCode[39m: 500
    [35mduration[39m: "4ms"
    [35mip[39m: "::ffff:127.0.0.1"
    [35mfile[39m: "/src/middleware/requestlogger.js"
    [35mline[39m: 33
[16:26:52] [31mERROR[39m: [36mError en /login[39m
    [35mstack[39m: "Error: Pool is closed.\n    at PromisePool.execute (C:\Users\Alex PC\Desktop\SistemaPracticaProfesional\node_modules\mysql2\lib\promise\pool.js:54:22)\n    at execute (C:\Users\Alex PC\Desktop\SistemaPracticaProfesional\src\app.js:37:31)\n    at processTicksAndRejections (node:internal/process/task_queues:105:5)"
    [35mfile[39m: "/src/app.js"
    [35mline[39m: 68
    error: "Pool is closed."
[16:26:52] [31mERROR[39m: [36mRequest failed[39m
    [35mmethod[39m: "POST"
    [35murl[39m: "/login"
    [35mstatusCode[39m: 500
    [35mduration[39m: "0ms"
    [35mip[39m: "::ffff:127.0.0.1"
    [35mfile[39m: "/src/middleware/requestlogger.js"
    [35mline[39m: 33
[16:26:52] [31mERROR[39m: [36mError en /login[39m
    [35mstack[39m: "Error: Pool is closed.\n    at PromisePool.execute (C:\Users\Alex PC\Desktop\SistemaPracticaProfesional\node_modules\mysql2\lib\promise\pool.js:54:22)\n    at execute (C:\Users\Alex PC\Desktop\SistemaPracticaProfesional\src\app.js:37:31)\n    at processTicksAndRejections (node:internal/process/task_queues:105:5)"
    [35mfile[39m: "/src/app.js"
    [35mline[39m: 68
    error: "Pool is closed."
[16:26:52] [31mERROR[39m: [36mRequest failed[39m
    [35mmethod[39m: "POST"
    [35murl[39m: "/login"
    [35mstatusCode[39m: 500
    [35mduration[39m: "0ms"
    [35mip[39m: "::ffff:127.0.0.1"
    [35mfile[39m: "/src/middleware/requestlogger.js"
    [35mline[39m: 33
PASS tests/unit/clienteModel.test.js
PASS tests/unit/tecnicoModel.test.js
PASS tests/unit/tipoServicioModel.test.js
PASS tests/unit/usuarioModel.test.js

Test Suites: 5 failed, 5 passed, 10 total
Tests:       25 failed, 133 passed, 158 total
Snapshots:   0 total
Time:        2.004 s
Ran all test suites.
Jest did not exit one second after the test run has completed.

'This usually means that there are asynchronous operations that weren't 
stopped in your tests. Consider running Jest with `--detectOpenHandles` to 
troubleshoot this issue.
